// Jest Snapshot v1, https://goo.gl/fbAQLP

exports[`LegoSelectionReplyService formatMessage properly 1`] = `
"theActualName: <@someuser>:8, 
someOtherActionName: <@someuser>:6, 
"
`;
