// Jest Snapshot v1, https://goo.gl/fbAQLP

exports[`LegoMetricsService toDatesArray startdate and endDate 1`] = `
Array [
  2018-10-10T00:00:00.000Z,
  2018-10-11T00:00:00.000Z,
  2018-10-12T00:00:00.000Z,
  2018-10-13T00:00:00.000Z,
  2018-10-14T00:00:00.000Z,
  2018-10-15T00:00:00.000Z,
]
`;

exports[`LegoMetricsService toDatesArray startdate only 1`] = `
Array [
  2018-10-10T00:00:00.000Z,
]
`;
