// Jest Snapshot v1, https://goo.gl/fbAQLP

exports[`ProcessStatistics formatUptime 1`] = `"1.6666666666666667 minutes"`;
